// Jest Snapshot v1, https://goo.gl/fbAQLP

exports[`renders correctly when there are no items 1`] = `
<div
  className="buttonContainer"
>
  <button
    className="button"
    onClick={[Function]}
  >
    Bilde 1
  </button>
  <button
    className="button"
    onClick={[Function]}
  >
    Bilde 2
  </button>
  <button
    className="button"
    onClick={[Function]}
  >
    Bilde 3
  </button>
</div>
`;
